#-----------------------------------------------------------
# Vivado v2018.3 (64-bit)
# SW Build 2405991 on Thu Dec  6 23:38:27 MST 2018
# IP Build 2404404 on Fri Dec  7 01:43:56 MST 2018
# Start of session at: Wed Mar 10 18:51:05 2021
# Process ID: 4196
# Current directory: C:/Users/XD/Documents/OneDrive - Universidad de Alcala/UART32/UART32/Receiver/receiver
# Command line: vivado.exe -gui_launcher_event rodinguilauncherevent16760 C:\Users\XD\Documents\OneDrive - Universidad de Alcala\UART32\UART32\Receiver\receiver\receiver.xpr
# Log file: C:/Users/XD/Documents/OneDrive - Universidad de Alcala/UART32/UART32/Receiver/receiver/vivado.log
# Journal file: C:/Users/XD/Documents/OneDrive - Universidad de Alcala/UART32/UART32/Receiver/receiver\vivado.jou
#-----------------------------------------------------------
start_gui
open_project {C:/Users/XD/Documents/OneDrive - Universidad de Alcala/UART32/UART32/Receiver/receiver/receiver.xpr}
update_compile_order -fileset sources_1
close [ open {C:/Users/XD/Documents/OneDrive - Universidad de Alcala/UART32/UART32/Receiver/receiver/receiver.srcs/sources_1/new/RX.vhd} w ]
add_files {{C:/Users/XD/Documents/OneDrive - Universidad de Alcala/UART32/UART32/Receiver/receiver/receiver.srcs/sources_1/new/RX.vhd}}
update_compile_order -fileset sources_1
export_ip_user_files -of_objects  [get_files {{C:/Users/XD/Documents/OneDrive - Universidad de Alcala/UART32/UART32/Receiver/receiver/receiver.srcs/sources_1/new/protocolo.vhd}}] -no_script -reset -force -quiet
remove_files  {{C:/Users/XD/Documents/OneDrive - Universidad de Alcala/UART32/UART32/Receiver/receiver/receiver.srcs/sources_1/new/protocolo.vhd}}
set_property SOURCE_SET sources_1 [get_filesets sim_1]
close [ open {C:/Users/XD/Documents/OneDrive - Universidad de Alcala/UART32/UART32/Receiver/receiver/receiver.srcs/sim_1/new/RX_tb.vhd} w ]
add_files -fileset sim_1 {{C:/Users/XD/Documents/OneDrive - Universidad de Alcala/UART32/UART32/Receiver/receiver/receiver.srcs/sim_1/new/RX_tb.vhd}}
update_compile_order -fileset sim_1
# Disabling source management mode.  This is to allow the top design properties to be set without GUI intervention.
set_property source_mgmt_mode None [current_project]
set_property top RX_tb [get_filesets sim_1]
set_property top_lib xil_defaultlib [get_filesets sim_1]
# Re-enabling previously disabled source management mode.
set_property source_mgmt_mode All [current_project]
export_ip_user_files -of_objects  [get_files {{C:/Users/XD/Documents/OneDrive - Universidad de Alcala/UART32/UART32/Receiver/receiver/receiver.srcs/sim_1/new/protocolo_tb.vhd}}] -no_script -reset -force -quiet
remove_files  -fileset sim_1 {{C:/Users/XD/Documents/OneDrive - Universidad de Alcala/UART32/UART32/Receiver/receiver/receiver.srcs/sim_1/new/protocolo_tb.vhd}}
update_compile_order -fileset sim_1
export_ip_user_files -of_objects  [get_files {{C:/Users/XD/Documents/OneDrive - Universidad de Alcala/UART32/UART32/Receiver/receiver/receiver.srcs/sim_1/new/RX_tb.vhd}}] -no_script -reset -force -quiet
remove_files  -fileset sim_1 {{C:/Users/XD/Documents/OneDrive - Universidad de Alcala/UART32/UART32/Receiver/receiver/receiver.srcs/sim_1/new/RX_tb.vhd}}
set_property SOURCE_SET sources_1 [get_filesets sim_1]
add_files -fileset sim_1 -norecurse {{C:/Users/XD/Documents/OneDrive - Universidad de Alcala/UART32/UART32/Receiver/receiver/receiver.srcs/sim_1/new/RX_tb.vhd}}
update_compile_order -fileset sim_1
set_property SOURCE_SET sources_1 [get_filesets sim_1]
add_files -fileset sim_1 -norecurse {{C:/Users/XD/Documents/OneDrive - Universidad de Alcala/UART32/UART32/Receiver/receiver/receiver.srcs/sim_1/new/RX_tb.vhd}}
export_ip_user_files -of_objects  [get_files {{C:/Users/XD/Documents/OneDrive - Universidad de Alcala/UART32/UART32/Receiver/receiver/receiver.srcs/sim_1/new/RX_tb.vhd}}] -no_script -reset -force -quiet
remove_files  -fileset sim_1 {{C:/Users/XD/Documents/OneDrive - Universidad de Alcala/UART32/UART32/Receiver/receiver/receiver.srcs/sim_1/new/RX_tb.vhd}}
set_property SOURCE_SET sources_1 [get_filesets sim_1]
add_files -fileset sim_1 -norecurse {{C:/Users/XD/Documents/OneDrive - Universidad de Alcala/UART32/UART32/Receiver/receiver/receiver.srcs/sim_1/new/RX_tb.vhd}}
update_compile_order -fileset sim_1
update_compile_order -fileset sim_1
# Disabling source management mode.  This is to allow the top design properties to be set without GUI intervention.
set_property source_mgmt_mode None [current_project]
set_property top RX_tb [get_filesets sim_1]
# Re-enabling previously disabled source management mode.
set_property source_mgmt_mode All [current_project]
